aa, aaa, abc, abs, ac, acc, ace, ack, act, ad, add, ae, aem, aes, ag, age, ago, ah, ai, aid, aif, ail, aim, air, aix, aka, al, all, alt, alu, am, amp, an, and, ant, any, ap, ape, api, apj, apn, app, apt, ar, are, arg, arm, arr, art, as, as2, as3, asc, ash, ask, asm, ass, ast, at, atg, atl, att, avi, awe, ax, axa,
ba, ba1, ba2, bad, bag, ban, bar, bat, bay, bb, bc, bed, bee, beg, bet, bfs, bgw, bid, big, bin, bit, bl, blu, bmp, bn, boa, bom, bot, bow, box, boy, bp, br, bra, bs, bt, btw, bud, buf, bug, bus, but, buy, bvb, bw, by, byt,
ca, cab, cad, cal, cam, can, cap, car, cat, cb, cbs, cc, cc2, cci, ccl, ccr, cd, cdd, cdf, cdn, ce, cea, cel, cer, cf, cgm, ch, chi, ci, cia, cil, cl, cl1, clr, clt, cm, cmd, cnt, co, cob, col, com, con, cop, cor, cos, cou, cow, cp, cpd, cpi, cpp, cpt, cr, crc, crt, cry, cs, csd, csh, css, csv, ct, ct2, ctl, ctx, cue, cui, cup, cut, cvs, cwe, cx, cxy, cy,
dad, dam, dao, dat, day, db, db2, dba, dbl, dc, dcr, dcs, dd, ddo, de, dec, def, del, dew, df, dfs, dg, dh, di, die, dif, dig, dim, dip, dir, div, dj, djv, dl, dlg, dll, dnf, dns, dnt, do, doc, dog, dom, dot, dow, dp, dr, drm, dry, ds, dst, dt, dtd, dto, due, dv, dvd, dvi, dvm, dw, dwx, dwy, dye,
e, ea, ear, eat, ebb, ed, edm, egg, ego, ei, ele, em, ems, en, end, eng, eo, eof, eq, er, era, erd, ern, err, es, esx, et, etc, etx, eve, evt, ewe, ex, ex1, ex2, exe, exl, exp, exs, ext, ey, eye, ez,
fan, far, fat, fax, fbi, fc, fca, fch, fd, fe, fea, fee, few, ff, fi, fig, fin, fit, fix, fl, fld, flg, flm, flu, fly, fm, fmt, fn, fnf, fnt, fog, fon, foo, for, fox, fp, fp1, fp2, fpd, fpn, fri, frm, fry, fs, fsi, fsw, ftp, fun, fur, fut,
gap, gas, gay, gc, get, gg, gif, gmt, go, god, gov, gpg, gr, grp, gs, gum, gun, gut, guy, gwt,
ha, hal, ham, hat, haw, hay, hbm, hdc, hdf, hdi, hdr, he, hen, her, hex, hi, him, hip, his, hit, hiv, hl, ho, hog, hop, hot, how, hp, hql, hqx, hr, ht, hub, hug, hum, hut, hv, hw, hy,
ia, iac, ibm, ic, ica, icb, icc, ice, ico, ics, icy, id, ids, idx, ie, ie5, ie6, ie8, ie9, iee, ief, if, iid, ill, ilp, im, img, imp, in, ina, inb, inc, inf, ink, inn, inp, int, io, ion, iop, iot, ip, ip1, ip2, ip4, ip6, ipc, is, isa, isb, ise, it, itm, ito, its, iv, ivm, ix, iy,
jam, jan, jar, jaw, jet, jmp, job, jog, joy, jp, jp2, jpe, jpg, jpn, js, jse, jsp, jug, jun,
k, key, kid, kil, kin, kit, kt, kv, kvp,
l, lab, lad, lag, lap, law, lax, lay, lb, lc, ld, le, leg, len, let, lf, lfi, lhs, li, lic, lid, lie, lim, lip, lit, lm, lms, ln, lnt, loc, log, lot, low, lp, ls, lse, lsm, lsr, lst, lt, ltd, ltu, lv, lvg, lvi, lvl,
m3u, m4a, m4u, m4v, ma, mac, mad, mam, man, map, mat, max, may, mbt, mc, mcd, md, md4, md5, mda, mdc, me, mem, men, mex, mf, mfr, mgr, mh, mi, mib, mid, mif, min, mix, mob, mom, mon, mov, mp, mre, mrs, ms, msc, msg, mt, mtx, mu, mud, mug, mul, mv, my,
na, nag, nap, nav, nb, nb1, nc, ndc, net, new, nfi, ni, nl, nmh, nms, no, nod, non, nop, nor, not, now, np, npp, ns, ntp, num, nut, nv, nvc, nvp,
oak, oar, ob, obj, oc, oda, odd, of, off, ogg, oi, oid, oil, ok, old, on, one, op, opt, or, ore, org, os, ot, our, out, owe, owl, own, ox,
p2p, p3p, pa, pac, pad, pan, pat, paw, pay, pbc, pbm, pc, pci, pct, pd, pda, pdb, pdf, pdl, pdo, pe, pea, pel, pen, per, pet, pgm, pgn, pgp, pi, pic, pid, pie, pig, pin, pip, pit, pl, pm, pmk, pn, png, pnm, po, pop, pos, pot, pow, pp, ppl, ppm, ppp, ppt, ppv, pr, prc, pre, pri, prn, pro, ps, pse, pst, psz, pt, ptd, ptr, pts, ptt, pub, put, pv, pw, pwd, py, pyt,
q, qa, qc, qd, qe, qm, qos, qp, qq, qs, qt, qu, que, qus,
r, rad, rag, ran, rap, rar, ras, rat, raw, ray, rb, rc, rct, rd, rdf, rdr, re, rec, red, ref, reg, rel, req, res, ret, rev, rex, rfi, rgb, rhs, ri, rib, rid, rim, rip, rl, rm, rmt, rnd, ro, rob, rod, rol, rot, row, rp, rpd, rrd, rs, rsa, rsc, rt, rtd, rtf, rtx, rub, rug, run, rv, rwl,
s, sa, sad, sae, sam, sat, sav, saw, say, sb, sc, scf, sct, scv, sd, sdd, sdf, sdl, sdm, se, sea, sec, see, seg, sep, seq, set, sev, sew, sex, sgm, sh, she, shy, si, sid, sin, sip, sir, sit, siv, six, skd, ski, sky, sl, slp, slt, sly, sm, smi, sn, snd, snn, so, sob, sol, son, sow, sp, spi, spl, spn, sps, spy, sql, src, ss, ssi, ssl, ssn, st, std, stl, str, sub, sue, sui, sum, sun, sv, svc, sve, svg, svn, sw, swf, sx, sy, sym,
t, ta, tab, tag, tan, tap, tar, tax, tb, tbl, tc, tcb, tcd, tcl, tcm, tcp, td, te, tea, ten, tex, th, the, ti, tid, tie, tif, tin, tip, tl, tmp, tn, to, toe, ton, too, top, tos, tow, toy, tpm, tpn, tr, tri, trl, try, ts, tsb, tsd, tst, tsv, tt, tto, tub, tue, tug, tus, tv, two, txt, tz, tzi,
u, ua, uc, udm, udp, uft, uh, ui, uid, uie, um, un, uom, up, upn, ups, ura, uri, url, urn, us, usb, use, usr, utl,
v, val, van, var, vb, vbe, vbs, vcd, vd, vds, ve, ver, vex, vfs, vi, via, vim, vip, vm, vo, vox, vp, vpn, vs, vsd, vt, vud, vuh, vw,
w, war, wav, wax, way, wc, wd1, wd2, we, web, wed, wen, wet, wfv, who, why, wid, wie, win, wit, wm, wme, wmi, wml, wmp, wmv, wnd, wow, wp, wpc, wpf, wps, wrt, ws, wsf, wsh, wsp, wt,
x, xbm, xhr, xht, xid, xls, xml, xnl, xo, xor, xpm, xps, xs, xss, xul, xwd, xyz,
y, yak, yan, yes, yet, yid, ym, you, yum,
z, zig, zip, zom, zoo, zzz,