Albatross
Alligator
Almond
Alpaca
Anteater
Antilope
Apple
AppleCore
AppleJuice
AppleSkin
Apricot
ApricotFlesh
ApricotPit
ArecaNut
Armadillo
Artichoke
Asparagus
Badger
BaldEagle
Banana
BananaSkin
BargainPrice
Bat
Bean
Bear
Beaver
Beechnut
Beetroot
BeijingFloweringCrab
BirdOfParadise
Bison
Bitter
BitterOrange
Bitterness
Blackberry
Blackbird
Boa
Boar
BroadBean
Brocoli
BrusselsSprouts
Buffalo
Bull
Bullfrog
Cabbage
Calf
Camel
Canary
CannedFruit
Caper
Carambola
Cardoon
Carrot
Cat
Cauliflower
Cayman
Celery
Chaffinch
Chameleon
Cherry
CherryPit
CherryPulp
Chervil
Chestnut
Chick
Chicken
Chicory
Chilli
Chimpanzee
Chinchilla
ChineseCabbage
ChineseChestnut
ChineseDate
ChineseGooseberry
ChineseWalnut
ChineseWaxGourd
Chive
Cob
Cobra
Cock
Cockatoo
Coconut
CoconutMilk
CoconutWater
ColdStorage
ColdStore
Condor
Copperhead
CoralSnake
Cormorant
CosLettuce
Cow
Cress
Crisp
Crocodile
Crow
Cuckoo
Cucumber
Cummin
Cumquat
Cygnet
DamsonPlum
Dandelion
DangshanPear
Date
DatePit
DecayedFruit
Deer
Dog
Dolphin
Donkey
Dormouse
Dove
DownyPitch
Dromedary
DryFruit
Duck
Duke
Eagle
Early
Eggplant
Elephant
Ewe
Falcon
Fennel
Ferret
Fig
Filbert
FirstClass
FlatPeach
Flavour
Flesh
FleshFruit
Foal
Fowl
Fox
FrenchBean
Fresh
FreshLitchi
Frog
FruitInBags
FruitKnife
Fruiterer
FruitsOfTheSeason
Gannet
Garlic
Gavial
Gazelle
Gherkin
GiantSalamander
Gibbon
Gilt
Gingko
Giraffe
GiveFullWeigh
GiveShortWeight
Goat
GoldenEagle
Goldfinch
Goose
Gopher
Gorilla
Grape
GrapeJuice
GrapeSkin
Grapestone
GrassSnake
Greengage
Grimalkin
Grouse
Guanaco
GuineaPig
HamiMelon
Hard
Hare
Haw
Hawthorn
Hazel
Hedgehog
Heifer
Hen
Heron
Hippopotamus
Hog
HoneyPeach
Horse
Horseradish
Hummingbird
Hyaena
Iguana
InSeason
JerusalemArtichoke
Juicy
JuicyPeach
Jujube
Kale
Kangaroo
Kernel
Kingfisher
Kite
Koala
Kohlrabi
Kumquat
Lamb
Lark
Late
Laurel
Leek
Lemon
Lentil
Leopard
Lettuce
Lily
Lion
Litchi
LitchiRind
Lizard
Llama
Loguat
Longan
LonganPulp
LotusRoot
Lupin
Lynx
Macaw
Magpie
Mallard
Mandarine
Mango
Mare
Marmot
Marrow
Mature
Melon
Moccasin
Mole
Monkey
Morello
Mouse
Mule
Mushroom
Muskmelon
Mustang
NavelOrange
Newt
Nightingale
Nut
NutMeat
NutShell
Oleaster
Olive
Onion
Orange
OrangePeel
Orangutan
Ostrich
Otter
Owl
Ox
Papaya
Parakeet
Parrot
Parsley
Parsnip
Partridge
Pea
Peach
Peacock
Pear
Pelican
Penguin
Pepper
Perishable
Pheasant
Pigeon
Piglet
Pimiento
Pineapple
Platypus
Plover
Plum
Plumcot
Pomegranate
Pomelo
Pony
Porcupine
Porpoise
Potato
Ptarmigan
Puma
Pumpkin
Pussy
Python
Quail
Rabbit
Radish
Rape
Rat
Rattlesnake
RedBayberry
ReducedPrice
Reindeer
Rhinoceros
Rhubarb
Ripe
Robin
RottenFruit
Salsify
Savoy
ScopsOwl
SeaTurtle
Seagull
Seal
Seasonable
SeedlessOrange
She
Sheep
Sloth
SmallRedBean
Snake
Snipe
Sorrel
SoyBean
Sparrow
Special
Spinach
Squirrel
Starling
Steer
Stork
Strawberry
StringBean
Sultana
Superfine
Swallow
Swan
Swift
Swine
SwordBean
Tangerine
Tarragon
Tart
Teal
Tender
Thoroughbred
Thrush
Thyme
Tiger
TinnedFruit
Toad
Tomato
Tomcat
Tortoise
Truffle
Tuatara
Turkey
Turnip
Turtle
TurtleDove
Unripe
Vicuna
Viper
Vole
Vulture
WallLizard
Walnut
WalnutKernel
Walrus
WaterChestnut
Watercress
Watermelon
Weasel
Whale
Whitethroat
WildGoose
Wildcat
Wolf
Woodcock
Woodpecker
Yak
Zebra